// Jest Snapshot v1, https://goo.gl/fbAQLP

exports[`should render ExpenseList with no expenses 1`] = `<div />`;

exports[`should render ExpensesSummary with expenses 1`] = `<div />`;
